22:01:40 **** Incremental Build of configuration Debug for project lab3b ****
make all 
make --no-print-directory pre-build
a9-linaro-pre-build-step
' '
make --no-print-directory main-build
'Building file: ../src/lab3b_player.c'
'Invoking: ARM v7 gcc compiler'
arm-none-eabi-gcc -Wall -O0 -g3 -c -fmessage-length=0 -MT"src/lab3b_player.o" -mcpu=cortex-a9 -mfpu=vfpv3 -mfloat-abi=hard -ID:/Dirk/Grad_School/525.742.8VL_SOC/HW/Module3/lab3b/vitis_exported/toplevel_lab3/export/toplevel_lab3/sw/toplevel_lab3/standalone_ps7_cortexa9_0/bspinclude/include -MMD -MP -MF"src/lab3b_player.d" -MT"src/lab3b_player.o" -o "src/lab3b_player.o" "../src/lab3b_player.c"
'Finished building: ../src/lab3b_player.c'
' '
'Building file: ../src/platform.c'
'Invoking: ARM v7 gcc compiler'
arm-none-eabi-gcc -Wall -O0 -g3 -c -fmessage-length=0 -MT"src/platform.o" -mcpu=cortex-a9 -mfpu=vfpv3 -mfloat-abi=hard -ID:/Dirk/Grad_School/525.742.8VL_SOC/HW/Module3/lab3b/vitis_exported/toplevel_lab3/export/toplevel_lab3/sw/toplevel_lab3/standalone_ps7_cortexa9_0/bspinclude/include -MMD -MP -MF"src/platform.d" -MT"src/platform.o" -o "src/platform.o" "../src/platform.c"
'Finished building: ../src/platform.c'
' '
'Building target: lab3b.elf'
'Invoking: ARM v7 gcc linker'
arm-none-eabi-gcc -mcpu=cortex-a9 -mfpu=vfpv3 -mfloat-abi=hard -Wl,-build-id=none -specs=Xilinx.spec -Wl,-T -Wl,../src/lscript.ld -LD:/Dirk/Grad_School/525.742.8VL_SOC/HW/Module3/lab3b/vitis_exported/toplevel_lab3/export/toplevel_lab3/sw/toplevel_lab3/standalone_ps7_cortexa9_0/bsplib/lib -o "lab3b.elf"  ./src/lab3b_player.o ./src/platform.o   -lm -Wl,--start-group,-lxil,-lgcc,-lc,--end-group
'Finished building target: lab3b.elf'
' '
'Invoking: ARM v7 Print Size'
arm-none-eabi-size lab3b.elf  |tee "lab3b.elf.size"
   text	   data	    bss	    dec	    hex	filename
  62207	   2556	  22632	  87395	  15563	lab3b.elf
'Finished building: lab3b.elf.size'
' '

22:01:41 Build Finished (took 848ms)

