Nothing to build in platform 'toplevel_lab4'

17:28:51 **** Incremental Build of configuration Debug for project lab4 ****
make all 
make --no-print-directory pre-build
a9-linaro-pre-build-step
' '
make --no-print-directory main-build
'Building file: ../src/lab4_player.c'
'Invoking: ARM v7 gcc compiler'
arm-none-eabi-gcc -Wall -O0 -g3 -c -fmessage-length=0 -MT"src/lab4_player.o" -mcpu=cortex-a9 -mfpu=vfpv3 -mfloat-abi=hard -ID:/Dirk/Grad_School/525.742.8VL_SOC/HW/Module4/Lab4/vitis/toplevel_lab4/export/toplevel_lab4/sw/toplevel_lab4/standalone_ps7_cortexa9_0/bspinclude/include -MMD -MP -MF"src/lab4_player.d" -MT"src/lab4_player.o" -o "src/lab4_player.o" "../src/lab4_player.c"
'Finished building: ../src/lab4_player.c'
' '
'Building target: lab4.elf'
'Invoking: ARM v7 gcc linker'
arm-none-eabi-gcc -mcpu=cortex-a9 -mfpu=vfpv3 -mfloat-abi=hard -Wl,-build-id=none -specs=Xilinx.spec -Wl,-T -Wl,../src/lscript.ld -LD:/Dirk/Grad_School/525.742.8VL_SOC/HW/Module4/Lab4/vitis/toplevel_lab4/export/toplevel_lab4/sw/toplevel_lab4/standalone_ps7_cortexa9_0/bsplib/lib -o "lab4.elf"  ./src/lab4_player.o ./src/platform.o   -lm -Wl,--start-group,-lxil,-lgcc,-lc,--end-group
'Finished building target: lab4.elf'
' '
'Invoking: ARM v7 Print Size'
arm-none-eabi-size lab4.elf  |tee "lab4.elf.size"
   text	   data	    bss	    dec	    hex	filename
  62287	   2556	  22632	  87475	  155b3	lab4.elf
'Finished building: lab4.elf.size'
' '
17:28:52 **** Incremental Build of configuration Debug for project lab4_system ****
make all 
Generating bif file for the system project
generate_system_bif.bat 50180 D:/Dirk/Grad_School/525.742.8VL_SOC/HW/Module4/Lab4/vitis/toplevel_lab4/export/toplevel_lab4/toplevel_lab4.xpfm standalone_ps7_cortexa9_0 D:/Dirk/Grad_School/525.742.8VL_SOC/HW/Module4/Lab4/vitis/lab4_system/Debug/system.bif
sdcard_gen --xpfm D:/Dirk/Grad_School/525.742.8VL_SOC/HW/Module4/Lab4/vitis/toplevel_lab4/export/toplevel_lab4/toplevel_lab4.xpfm --sys_config toplevel_lab4 --bif D:/Dirk/Grad_School/525.742.8VL_SOC/HW/Module4/Lab4/vitis/lab4_system/Debug/system.bif --bitstream D:/Dirk/Grad_School/525.742.8VL_SOC/HW/Module4/Lab4/vitis/lab4/_ide/bitstream/toplevel_lab4.bit --elf D:/Dirk/Grad_School/525.742.8VL_SOC/HW/Module4/Lab4/vitis/lab4/Debug/lab4.elf,ps7_cortexa9_0
creating BOOT.BIN using D:/Dirk/Grad_School/525.742.8VL_SOC/HW/Module4/Lab4/vitis/lab4/_ide/bitstream/toplevel_lab4.bit
Running C:/Xilinx/Vitis/2022.1/bin/bootgen  -image D:/Dirk/Grad_School/525.742.8VL_SOC/HW/Module4/Lab4/vitis/lab4_system/Debug/sd_card_temp/boot.bif -w -o i BOOT.BIN
