Nothing to build in platform 'toplevel_lab5'

22:26:35 **** Incremental Build of configuration Debug for project lab5 ****
make all 
make --no-print-directory pre-build
a9-linaro-pre-build-step
' '
make --no-print-directory main-build
'Building file: ../src/lab5_player.c'
'Invoking: ARM v7 gcc compiler'
arm-none-eabi-gcc -Wall -O0 -g3 -c -fmessage-length=0 -MT"src/lab5_player.o" -mcpu=cortex-a9 -mfpu=vfpv3 -mfloat-abi=hard -ID:/Dirk/Grad_School/525.742.8VL_SOC/HW/Module5/lab5/vitis/toplevel_lab5/export/toplevel_lab5/sw/toplevel_lab5/standalone_ps7_cortexa9_0/bspinclude/include -MMD -MP -MF"src/lab5_player.d" -MT"src/lab5_player.o" -o "src/lab5_player.o" "../src/lab5_player.c"
'Finished building: ../src/lab5_player.c'
' '
'Building target: lab5.elf'
'Invoking: ARM v7 gcc linker'
arm-none-eabi-gcc -mcpu=cortex-a9 -mfpu=vfpv3 -mfloat-abi=hard -Wl,-build-id=none -specs=Xilinx.spec -Wl,-T -Wl,../src/lscript.ld -LD:/Dirk/Grad_School/525.742.8VL_SOC/HW/Module5/lab5/vitis/toplevel_lab5/export/toplevel_lab5/sw/toplevel_lab5/standalone_ps7_cortexa9_0/bsplib/lib -o "lab5.elf"  ./src/lab5_player.o ./src/platform.o   -lm -Wl,--start-group,-lxil,-lgcc,-lc,--end-group
'Finished building target: lab5.elf'
' '
'Invoking: ARM v7 Print Size'
arm-none-eabi-size lab5.elf  |tee "lab5.elf.size"
   text	   data	    bss	    dec	    hex	filename
  63367	   2556	  22632	  88555	  159eb	lab5.elf
'Finished building: lab5.elf.size'
' '
22:26:36 **** Incremental Build of configuration Debug for project lab5_system ****
make all 
Generating bif file for the system project
generate_system_bif.bat 53057 D:/Dirk/Grad_School/525.742.8VL_SOC/HW/Module5/lab5/vitis/toplevel_lab5/export/toplevel_lab5/toplevel_lab5.xpfm standalone_ps7_cortexa9_0 D:/Dirk/Grad_School/525.742.8VL_SOC/HW/Module5/lab5/vitis/lab5_system/Debug/system.bif
sdcard_gen --xpfm D:/Dirk/Grad_School/525.742.8VL_SOC/HW/Module5/lab5/vitis/toplevel_lab5/export/toplevel_lab5/toplevel_lab5.xpfm --sys_config toplevel_lab5 --bif D:/Dirk/Grad_School/525.742.8VL_SOC/HW/Module5/lab5/vitis/lab5_system/Debug/system.bif --bitstream D:/Dirk/Grad_School/525.742.8VL_SOC/HW/Module5/lab5/vitis/lab5/_ide/bitstream/toplevel_lab5.bit --elf D:/Dirk/Grad_School/525.742.8VL_SOC/HW/Module5/lab5/vitis/lab5/Debug/lab5.elf,ps7_cortexa9_0
creating BOOT.BIN using D:/Dirk/Grad_School/525.742.8VL_SOC/HW/Module5/lab5/vitis/lab5/_ide/bitstream/toplevel_lab5.bit
Running C:/Xilinx/Vitis/2022.1/bin/bootgen  -image D:/Dirk/Grad_School/525.742.8VL_SOC/HW/Module5/lab5/vitis/lab5_system/Debug/sd_card_temp/boot.bif -w -o i BOOT.BIN
