22:26:35 **** Incremental Build of configuration Debug for project lab5 ****
make all 
make --no-print-directory pre-build
a9-linaro-pre-build-step
' '
make --no-print-directory main-build
'Building file: ../src/lab5_player.c'
'Invoking: ARM v7 gcc compiler'
arm-none-eabi-gcc -Wall -O0 -g3 -c -fmessage-length=0 -MT"src/lab5_player.o" -mcpu=cortex-a9 -mfpu=vfpv3 -mfloat-abi=hard -ID:/Dirk/Grad_School/525.742.8VL_SOC/HW/Module5/lab5/vitis/toplevel_lab5/export/toplevel_lab5/sw/toplevel_lab5/standalone_ps7_cortexa9_0/bspinclude/include -MMD -MP -MF"src/lab5_player.d" -MT"src/lab5_player.o" -o "src/lab5_player.o" "../src/lab5_player.c"
'Finished building: ../src/lab5_player.c'
' '
'Building target: lab5.elf'
'Invoking: ARM v7 gcc linker'
arm-none-eabi-gcc -mcpu=cortex-a9 -mfpu=vfpv3 -mfloat-abi=hard -Wl,-build-id=none -specs=Xilinx.spec -Wl,-T -Wl,../src/lscript.ld -LD:/Dirk/Grad_School/525.742.8VL_SOC/HW/Module5/lab5/vitis/toplevel_lab5/export/toplevel_lab5/sw/toplevel_lab5/standalone_ps7_cortexa9_0/bsplib/lib -o "lab5.elf"  ./src/lab5_player.o ./src/platform.o   -lm -Wl,--start-group,-lxil,-lgcc,-lc,--end-group
'Finished building target: lab5.elf'
' '
'Invoking: ARM v7 Print Size'
arm-none-eabi-size lab5.elf  |tee "lab5.elf.size"
   text	   data	    bss	    dec	    hex	filename
  63367	   2556	  22632	  88555	  159eb	lab5.elf
'Finished building: lab5.elf.size'
' '

22:26:35 Build Finished (took 731ms)

