#-----------------------------------------------------------
# Vivado v2022.1 (64-bit)
# SW Build 3526262 on Mon Apr 18 15:48:16 MDT 2022
# IP Build 3524634 on Mon Apr 18 20:55:01 MDT 2022
# Start of session at: Tue Mar 28 21:57:51 2023
# Process ID: 53164
# Current directory: D:/Dirk/Grad_School/525.742.8VL_SOC/HW/Module5/lab5/vivado/lab5.runs/proc_system_fir_compiler_1_0_synth_1
# Command line: vivado.exe -log proc_system_fir_compiler_1_0.vds -product Vivado -mode batch -messageDb vivado.pb -notrace -source proc_system_fir_compiler_1_0.tcl
# Log file: D:/Dirk/Grad_School/525.742.8VL_SOC/HW/Module5/lab5/vivado/lab5.runs/proc_system_fir_compiler_1_0_synth_1/proc_system_fir_compiler_1_0.vds
# Journal file: D:/Dirk/Grad_School/525.742.8VL_SOC/HW/Module5/lab5/vivado/lab5.runs/proc_system_fir_compiler_1_0_synth_1\vivado.jou
# Running On: DESKTOP-GUH0UB4, OS: Windows, CPU Frequency: 3593 MHz, CPU Physical cores: 16, Host memory: 17090 MB
#-----------------------------------------------------------
source proc_system_fir_compiler_1_0.tcl -notrace
